<testsuites id="" name="" tests="12" failures="5" skipped="2" errors="0" time="82.86093199999999">
  <testsuite name="admin/admin.spec.ts" timestamp="2023-08-23T16:10:55.088Z" hostname="chromium"
    tests="2" failures="1" skipped="1" time="0.415" errors="0">
    <testcase
      name="Admin Portal Login Test Cases › Test-ID:0001 User should not be logged-in with invalid credentials  @admin @smoke"
      classname="admin/admin.spec.ts" time="0.415">
      <failure
        message="admin.spec.ts:15:9 User should not be logged-in with invalid credentials  @admin @smoke"
        type="FAILURE">
<![CDATA[  [chromium] › admin/admin.spec.ts:15:9 › Admin Portal Login Test Cases › Test-ID:0002 User should not be logged-in with invalid credentials  @admin @smoke 

    ReferenceError: ADMIN_HOME is not defined

      10 |     
      11 |     test.beforeEach(async ({adminLoginPage})=> {
    > 12 |         await adminLoginPage.goto(ADMIN_HOME);
         |                                   ^
      13 |     })
      14 |
      15 |     test("User should not be logged-in with invalid credentials  @admin @smoke", async ({adminLoginPage})=> {

        at /Users/ugur.nurcan/Desktop/Projects/QA_Platform/tests/admin/admin.spec.ts:12:35

    attachment #1: video (video/webm) ──────────────────────────────────────────────────────────
    test-results/admin-admin-Admin-Portal-Login-Test-Cases-User-04af9--logged-in-with-invalid-credentials-admin-smoke-chromium/video.webm
    ────────────────────────────────────────────────────────────────────────────────────────────

    attachment #2: screenshot (image/png) ──────────────────────────────────────────────────────
    test-results/admin-admin-Admin-Portal-Login-Test-Cases-User-04af9--logged-in-with-invalid-credentials-admin-smoke-chromium/test-failed-1.png
    ────────────────────────────────────────────────────────────────────────────────────────────

    attachment #3: trace (application/zip) ─────────────────────────────────────────────────────
    test-results/admin-admin-Admin-Portal-Login-Test-Cases-User-04af9--logged-in-with-invalid-credentials-admin-smoke-chromium/trace.zip
    Usage:

        npx playwright show-trace test-results/admin-admin-Admin-Portal-Login-Test-Cases-User-04af9--logged-in-with-invalid-credentials-admin-smoke-chromium/trace.zip

    ────────────────────────────────────────────────────────────────────────────────────────────

    Retry #1 ───────────────────────────────────────────────────────────────────────────────────

    ReferenceError: ADMIN_HOME is not defined

      10 |     
      11 |     test.beforeEach(async ({adminLoginPage})=> {
    > 12 |         await adminLoginPage.goto(ADMIN_HOME);
         |                                   ^
      13 |     })
      14 |
      15 |     test("User should not be logged-in with invalid credentials  @admin @smoke", async ({adminLoginPage})=> {

        at /Users/ugur.nurcan/Desktop/Projects/QA_Platform/tests/admin/admin.spec.ts:12:35

    attachment #1: video (video/webm) ──────────────────────────────────────────────────────────
    test-results/admin-admin-Admin-Portal-Login-Test-Cases-User-04af9--logged-in-with-invalid-credentials-admin-smoke-chromium-retry1/video.webm
    ────────────────────────────────────────────────────────────────────────────────────────────

    attachment #2: screenshot (image/png) ──────────────────────────────────────────────────────
    test-results/admin-admin-Admin-Portal-Login-Test-Cases-User-04af9--logged-in-with-invalid-credentials-admin-smoke-chromium-retry1/test-failed-1.png
    ────────────────────────────────────────────────────────────────────────────────────────────

    attachment #3: trace (application/zip) ─────────────────────────────────────────────────────
    test-results/admin-admin-Admin-Portal-Login-Test-Cases-User-04af9--logged-in-with-invalid-credentials-admin-smoke-chromium-retry1/trace.zip
    Usage:

        npx playwright show-trace test-results/admin-admin-Admin-Portal-Login-Test-Cases-User-04af9--logged-in-with-invalid-credentials-admin-smoke-chromium-retry1/trace.zip

    ────────────────────────────────────────────────────────────────────────────────────────────
]]>
</failure>
      <system-out>
<![CDATA[
[[ATTACHMENT|../test-results/admin-admin-Admin-Portal-Login-Test-Cases-User-04af9--logged-in-with-invalid-credentials-admin-smoke-chromium/video.webm]]

[[ATTACHMENT|../test-results/admin-admin-Admin-Portal-Login-Test-Cases-User-04af9--logged-in-with-invalid-credentials-admin-smoke-chromium/test-failed-1.png]]

[[ATTACHMENT|../test-results/admin-admin-Admin-Portal-Login-Test-Cases-User-04af9--logged-in-with-invalid-credentials-admin-smoke-chromium/trace.zip]]

[[ATTACHMENT|../test-results/admin-admin-Admin-Portal-Login-Test-Cases-User-04af9--logged-in-with-invalid-credentials-admin-smoke-chromium-retry1/video.webm]]

[[ATTACHMENT|../test-results/admin-admin-Admin-Portal-Login-Test-Cases-User-04af9--logged-in-with-invalid-credentials-admin-smoke-chromium-retry1/test-failed-1.png]]

[[ATTACHMENT|../test-results/admin-admin-Admin-Portal-Login-Test-Cases-User-04af9--logged-in-with-invalid-credentials-admin-smoke-chromium-retry1/trace.zip]]
]]>
</system-out>
    </testcase>
  </testsuite>
  <testsuite name="api/apimerchant_login.spec.ts" timestamp="2023-08-23T16:10:55.088Z"
    hostname="chromium" tests="2" failures="1" skipped="1" time="0.004" errors="0">
    <testcase name="Test-ID:0002 Login with api and navigate to other pages @api"
      classname="api/apimerchant_login.spec.ts" time="0.004">
      <failure
        message="apimerchant_login.spec.ts:27:5 Login with api and navigate to other pages @api"
        type="FAILURE">
<![CDATA[  [chromium] › api/apimerchant_login.spec.ts:27:5 › Login with api and navigate to other pages @api 

    Error: apiRequestContext.post: connect ECONNREFUSED 127.0.0.1:3000
    =========================== logs ===========================
    → POST http://127.0.0.1:3000/auth/authenticate
      user-agent: Mozilla/5.0 (Windows NT 10.0; Win64; x64) AppleWebKit/537.36 (KHTML, like Gecko) Chrome/116.0.5845.82 Safari/537.36
      accept: */*
      accept-encoding: gzip,deflate,br
      content-type: application/json
      content-length: 115
    ============================================================

      12 | test.beforeAll(async () => {
      13 |     const apiContext = await request.newContext();
    > 14 |     const loginResponse = await apiContext.post("http://127.0.0.1:3000/auth/authenticate",
         |                                            ^
      15 |     {data:loginPayload})
      16 |     const loginResponseJson = await loginResponse.json();
      17 |     token = await loginResponseJson.token

        at /Users/ugur.nurcan/Desktop/Projects/QA_Platform/tests/api/apimerchant_login.spec.ts:14:44

    Retry #1 ───────────────────────────────────────────────────────────────────────────────────

    Error: apiRequestContext.post: connect ECONNREFUSED 127.0.0.1:3000
    =========================== logs ===========================
    → POST http://127.0.0.1:3000/auth/authenticate
      user-agent: Mozilla/5.0 (Windows NT 10.0; Win64; x64) AppleWebKit/537.36 (KHTML, like Gecko) Chrome/116.0.5845.82 Safari/537.36
      accept: */*
      accept-encoding: gzip,deflate,br
      content-type: application/json
      content-length: 115
    ============================================================

      12 | test.beforeAll(async () => {
      13 |     const apiContext = await request.newContext();
    > 14 |     const loginResponse = await apiContext.post("http://127.0.0.1:3000/auth/authenticate",
         |                                            ^
      15 |     {data:loginPayload})
      16 |     const loginResponseJson = await loginResponse.json();
      17 |     token = await loginResponseJson.token

        at /Users/ugur.nurcan/Desktop/Projects/QA_Platform/tests/api/apimerchant_login.spec.ts:14:44
]]>
</failure>
    </testcase>
  </testsuite>
  <testsuite name="merchant/merchantLogin.spec.ts" timestamp="2023-08-23T16:10:55.088Z"
    hostname="chromium" tests="3" failures="2" skipped="0" time="63.731" errors="0">
    <testcase
      name="Merchant Portal valid-invalid login cases › Test-ID:0004 User should be able to log-in with valid credentials @smoke @regression"
      classname="merchant/merchantLogin.spec.ts" time="60.002">
      <failure
        message="merchantLogin.spec.ts:19:9 User should be able to log-in with valid credentials @smoke @regression"
        type="FAILURE">
<![CDATA[  [chromium] › merchant/merchantLogin.spec.ts:19:9 › Merchant Portal valid-invalid login cases › User should be able to log-in with valid credentials @smoke @regression 

    Test timeout of 30000ms exceeded.

    Error: locator.click: Page closed
    =========================== logs ===========================
    waiting for getByRole('link', { name: 'Recipients' })
    ============================================================

      20 |         await merchantLoginPage.goto(MERCHANT_HOME_BASEURL, merchantLoginPage.pageUrl);
      21 |         await merchantLoginPage.login(merchant2_username, merchant2_password);
    > 22 |         await merchantLoginPage.page.getByRole('link', { name: 'Recipients' }).click();
         |                                                                                ^
      23 |         // await merchantLoginPage.goto(MERCHANT_HOME_BASEURL, "/recipients");
      24 |         await expect(merchantLoginPage.page).toHaveURL(/.*recipientsrererer/);
      25 |     })

        at /Users/ugur.nurcan/Desktop/Projects/QA_Platform/tests/merchant/merchantLogin.spec.ts:22:80

    Pending operations:
      - locator.click at tests/merchant/merchantLogin.spec.ts:22:80


    attachment #1: video (video/webm) ──────────────────────────────────────────────────────────
    test-results/merchant-merchantLogin-Merchant-Portal-valid-i-517c2--log-in-with-valid-credentials-smoke-regression-chromium/video.webm
    ────────────────────────────────────────────────────────────────────────────────────────────

    attachment #2: screenshot (image/png) ──────────────────────────────────────────────────────
    test-results/merchant-merchantLogin-Merchant-Portal-valid-i-517c2--log-in-with-valid-credentials-smoke-regression-chromium/test-failed-1.png
    ────────────────────────────────────────────────────────────────────────────────────────────

    attachment #3: trace (application/zip) ─────────────────────────────────────────────────────
    test-results/merchant-merchantLogin-Merchant-Portal-valid-i-517c2--log-in-with-valid-credentials-smoke-regression-chromium/trace.zip
    Usage:

        npx playwright show-trace test-results/merchant-merchantLogin-Merchant-Portal-valid-i-517c2--log-in-with-valid-credentials-smoke-regression-chromium/trace.zip

    ────────────────────────────────────────────────────────────────────────────────────────────

    Retry #1 ───────────────────────────────────────────────────────────────────────────────────

    Test timeout of 30000ms exceeded.

    Error: locator.click: Page closed
    =========================== logs ===========================
    waiting for getByRole('link', { name: 'Recipients' })
    ============================================================

      20 |         await merchantLoginPage.goto(MERCHANT_HOME_BASEURL, merchantLoginPage.pageUrl);
      21 |         await merchantLoginPage.login(merchant2_username, merchant2_password);
    > 22 |         await merchantLoginPage.page.getByRole('link', { name: 'Recipients' }).click();
         |                                                                                ^
      23 |         // await merchantLoginPage.goto(MERCHANT_HOME_BASEURL, "/recipients");
      24 |         await expect(merchantLoginPage.page).toHaveURL(/.*recipientsrererer/);
      25 |     })

        at /Users/ugur.nurcan/Desktop/Projects/QA_Platform/tests/merchant/merchantLogin.spec.ts:22:80

    Pending operations:
      - locator.click at tests/merchant/merchantLogin.spec.ts:22:80


    attachment #1: video (video/webm) ──────────────────────────────────────────────────────────
    test-results/merchant-merchantLogin-Merchant-Portal-valid-i-517c2--log-in-with-valid-credentials-smoke-regression-chromium-retry1/video.webm
    ────────────────────────────────────────────────────────────────────────────────────────────

    attachment #2: screenshot (image/png) ──────────────────────────────────────────────────────
    test-results/merchant-merchantLogin-Merchant-Portal-valid-i-517c2--log-in-with-valid-credentials-smoke-regression-chromium-retry1/test-failed-1.png
    ────────────────────────────────────────────────────────────────────────────────────────────

    attachment #3: trace (application/zip) ─────────────────────────────────────────────────────
    test-results/merchant-merchantLogin-Merchant-Portal-valid-i-517c2--log-in-with-valid-credentials-smoke-regression-chromium-retry1/trace.zip
    Usage:

        npx playwright show-trace test-results/merchant-merchantLogin-Merchant-Portal-valid-i-517c2--log-in-with-valid-credentials-smoke-regression-chromium-retry1/trace.zip

    ────────────────────────────────────────────────────────────────────────────────────────────
]]>
</failure>
      <system-out>
<![CDATA[
[[ATTACHMENT|../test-results/merchant-merchantLogin-Merchant-Portal-valid-i-517c2--log-in-with-valid-credentials-smoke-regression-chromium/video.webm]]

[[ATTACHMENT|../test-results/merchant-merchantLogin-Merchant-Portal-valid-i-517c2--log-in-with-valid-credentials-smoke-regression-chromium/test-failed-1.png]]

[[ATTACHMENT|../test-results/merchant-merchantLogin-Merchant-Portal-valid-i-517c2--log-in-with-valid-credentials-smoke-regression-chromium/trace.zip]]

[[ATTACHMENT|../test-results/merchant-merchantLogin-Merchant-Portal-valid-i-517c2--log-in-with-valid-credentials-smoke-regression-chromium-retry1/video.webm]]

[[ATTACHMENT|../test-results/merchant-merchantLogin-Merchant-Portal-valid-i-517c2--log-in-with-valid-credentials-smoke-regression-chromium-retry1/test-failed-1.png]]

[[ATTACHMENT|../test-results/merchant-merchantLogin-Merchant-Portal-valid-i-517c2--log-in-with-valid-credentials-smoke-regression-chromium-retry1/trace.zip]]
]]>
</system-out>
    </testcase>

    <testcase name="Test-ID:0003 should create a bug report" classname="api-tests.spec.js"
      time="0.092">
      <failure message="api-tests.spec.js:6:5 should create a bug report" type="FAILURE">
    <![CDATA[  [chromium] › api-tests.spec.js:6:5 › should create a bug report ──────────────────────────────────
    
        TypeError: apiRequestContext.post: Invalid URL
    
           5 |
           6 | test('should create a bug report', async ({ request }) => {
        >  7 |     const newIssue = await request.post(`/repos/${USER}/${REPO}/issues`, {
             |                                    ^
           8 |       data: {
           9 |         title: '[Bug] report 1',
          10 |         body: 'Bug description',
    
            at /Users/un/Desktop/Projects/Mohammed/m_pw/tests/api-tests.spec.js:7:36
    
        attachment #1: trace (application/zip) ─────────────────────────────────────────────────────────
        test-results/api-tests-should-create-a-bug-report-chromium/trace.zip
        Usage:
    
            npx playwright show-trace test-results/api-tests-should-create-a-bug-report-chromium/trace.zip
    
        ────────────────────────────────────────────────────────────────────────────────────────────────
    
        Retry #1 ───────────────────────────────────────────────────────────────────────────────────────
    
        TypeError: apiRequestContext.post: Invalid URL
    
           5 |
           6 | test('should create a bug report', async ({ request }) => {
        >  7 |     const newIssue = await request.post(`/repos/${USER}/${REPO}/issues`, {
             |                                    ^
           8 |       data: {
           9 |         title: '[Bug] report 1',
          10 |         body: 'Bug description',
    
            at /Users/un/Desktop/Projects/Mohammed/m_pw/tests/api-tests.spec.js:7:36
    
        attachment #1: trace (application/zip) ─────────────────────────────────────────────────────────
        test-results/api-tests-should-create-a-bug-report-chromium-retry1/trace.zip
        Usage:
    
            npx playwright show-trace test-results/api-tests-should-create-a-bug-report-chromium-retry1/trace.zip
    
        ────────────────────────────────────────────────────────────────────────────────────────────────
    ]]>
    </failure>
      <system-out>
    <![CDATA[
    [[ATTACHMENT|../test-results/api-tests-should-create-a-bug-report-chromium/trace.zip]]
    
    [[ATTACHMENT|../test-results/api-tests-should-create-a-bug-report-chromium-retry1/trace.zip]]
    ]]>
    </system-out>
    </testcase>
  </testsuite>
</testsuites>